// Jest Snapshot v1, https://goo.gl/fbAQLP

exports[`DashboardRoute renders the complete page 1`] = `
<div>
  <h3
    className="too-few"
  >
    Please create more entries to see trends
  </h3>
</div>
`;
