// Jest Snapshot v1, https://goo.gl/fbAQLP

exports[`DashboardRoute renders the complete page 1`] = `
<div>
  <div
    className="entry-charts-entry-container"
  >
    <EntryCharts
      entry={
        Object {
          "date_created": null,
          "deleting": false,
          "face_anger": 0,
          "face_contempt": 0,
          "face_disgust": 0,
          "face_fear": 0,
          "face_happiness": 0,
          "face_neutral": 0,
          "face_sadness": 0,
          "face_surprise": 0,
          "face_url": "",
          "happiness": 0,
          "id": null,
          "tone_analytical": 0,
          "tone_anger": 0,
          "tone_confident": 0,
          "tone_fear": 0,
          "tone_joy": 0,
          "tone_sadness": 0,
          "tone_tentative": 0,
          "user_id": null,
          "zoom": false,
        }
      }
      selfie={false}
    />
  </div>
  <hr
    className="divider"
  />
  <div
    className="entry-container"
  >
    <div
      className="text-selfie-div"
    >
      <p
        className="entry-text"
      />
    </div>
    <div
      className="entry-buttons"
    >
      <HashLink
        className="back-button"
        to="/#entry-null"
      >
        <i
          className="fa fa-arrow-left"
        />
      </HashLink>
      <i
        className="fa fa-trash"
        onClick={[Function]}
      />
    </div>
  </div>
</div>
`;
