// Jest Snapshot v1, https://goo.gl/fbAQLP

exports[`DashboardRoute renders the complete page 1`] = `
<section>
  <LoginForm
    onLoginSuccess={[Function]}
  />
</section>
`;
